03-20 01:29:37.465  5689  5689 E KeyguardFingerPrintSwipe: mLongPressCallback canceled. Touch position is FP-InDisplay area!
03-20 01:29:37.474  5689  5689 E KeyguardFingerPrintSwipe: mLongPressCallback canceled. Touch position is FP-InDisplay area!
03-20 01:29:37.482  5689  5689 E KeyguardFingerPrintSwipe: mLongPressCallback canceled. Touch position is FP-InDisplay area!
03-20 01:29:37.490  5689  5689 E KeyguardFingerPrintSwipe: mLongPressCallback canceled. Touch position is FP-InDisplay area!
03-20 01:29:37.499  5689  5689 E KeyguardFingerPrintSwipe: mLongPressCallback canceled. Touch position is FP-InDisplay area!
03-20 01:29:37.507  5689  5689 E KeyguardFingerPrintSwipe: mLongPressCallback canceled. Touch position is FP-InDisplay area!
03-20 01:29:37.515  5689  5689 E KeyguardFingerPrintSwipe: mLongPressCallback canceled. Touch position is FP-InDisplay area!
03-20 01:29:37.524  5689  5689 E KeyguardFingerPrintSwipe: mLongPressCallback canceled. Touch position is FP-InDisplay area!
03-20 01:29:37.532  5689  5689 E KeyguardFingerPrintSwipe: mLongPressCallback canceled. Touch position is FP-InDisplay area!
03-20 01:29:37.540  5689  5689 E KeyguardFingerPrintSwipe: mLongPressCallback canceled. Touch position is FP-InDisplay area!
03-20 01:29:37.549  5689  5689 E KeyguardFingerPrintSwipe: mLongPressCallback canceled. Touch position is FP-InDisplay area!
03-20 01:29:37.557  5689  5689 E KeyguardFingerPrintSwipe: mLongPressCallback canceled. Touch position is FP-InDisplay area!
03-20 01:29:37.565  5689  5689 E KeyguardFingerPrintSwipe: mLongPressCallback canceled. Touch position is FP-InDisplay area!
03-20 01:29:37.574  5689  5689 E KeyguardFingerPrintSwipe: mLongPressCallback canceled. Touch position is FP-InDisplay area!
03-20 01:29:37.582  5689  5689 E KeyguardFingerPrintSwipe: mLongPressCallback canceled. Touch position is FP-InDisplay area!
03-20 01:29:37.590  5689  5689 E KeyguardFingerPrintSwipe: mLongPressCallback canceled. Touch position is FP-InDisplay area!
03-20 01:29:37.599  5689  5689 E KeyguardFingerPrintSwipe: mLongPressCallback canceled. Touch position is FP-InDisplay area!
03-20 01:29:37.608  5689  5689 E KeyguardFingerPrintSwipe: mLongPressCallback canceled. Touch position is FP-InDisplay area!
03-20 01:29:37.616  5689  5689 E KeyguardFingerPrintSwipe: mLongPressCallback canceled. Touch position is FP-InDisplay area!
03-20 01:29:37.624  5689  5689 E KeyguardFingerPrintSwipe: mLongPressCallback canceled. Touch position is FP-InDisplay area!
03-20 01:29:37.633  5689  5689 E KeyguardFingerPrintSwipe: mLongPressCallback canceled. Touch position is FP-InDisplay area!
03-20 01:29:37.641  5689  5689 E KeyguardFingerPrintSwipe: mLongPressCallback canceled. Touch position is FP-InDisplay area!
03-20 01:29:37.649  5689  5689 E KeyguardFingerPrintSwipe: mLongPressCallback canceled. Touch position is FP-InDisplay area!
03-20 01:29:37.658  5689  5689 E KeyguardFingerPrintSwipe: mLongPressCallback canceled. Touch position is FP-InDisplay area!
03-20 01:29:37.666  5689  5689 E KeyguardFingerPrintSwipe: mLongPressCallback canceled. Touch position is FP-InDisplay area!
03-20 01:29:37.674  5689  5689 E KeyguardFingerPrintSwipe: mLongPressCallback canceled. Touch position is FP-InDisplay area!
03-20 01:29:37.683  5689  5689 E KeyguardFingerPrintSwipe: mLongPressCallback canceled. Touch position is FP-InDisplay area!
03-20 01:29:37.691  5689  5689 E KeyguardFingerPrintSwipe: mLongPressCallback canceled. Touch position is FP-InDisplay area!
03-20 01:29:37.699  5689  5689 E KeyguardFingerPrintSwipe: mLongPressCallback canceled. Touch position is FP-InDisplay area!
03-20 01:29:37.708  5689  5689 E KeyguardFingerPrintSwipe: mLongPressCallback canceled. Touch position is FP-InDisplay area!
03-20 01:29:37.716  5689  5689 E KeyguardFingerPrintSwipe: mLongPressCallback canceled. Touch position is FP-InDisplay area!
03-20 01:29:37.724  5689  5689 E KeyguardFingerPrintSwipe: mLongPressCallback canceled. Touch position is FP-InDisplay area!
03-20 01:29:37.729  5689  5689 E NowBarCardViewModel: updateExpandedClickPanelVisibility screen on = true expanded false isTopCardSettingViewOpened = false
03-20 01:29:37.730  5689  5689 E NowBarCardViewModel: updateExpandedClickPanelVisibility screen on = true expanded false isTopCardSettingViewOpened = false
03-20 01:29:37.823  3037  3678 E SmcInvoke_MinkDescriptor: mem obj with id :20 not found in list
03-20 01:29:37.970  3037  3678 E SmcInvoke_MinkDescriptor: mem obj with id :20 not found in list
03-20 01:29:37.972  5978  5978 E KNOXCORE::CACHE: clr value {old=1 new:1
03-20 01:29:37.976  3372  7297 E SysinputHAL_AIDL: onReportInformation: already timeout: cmd@fod_enable,1,0,0,0:0
03-20 01:29:37.976  3372  5256 E AidlResponseHandler: Client monitor is not an instance of com.android.server.biometrics.sensors.AcquisitionClient
03-20 01:29:37.981  3037  3270 E bauth_TLC_Communicator: return value from qsapp is wrong : 30
03-20 01:29:37.981  3037  3677 E SmcInvoke_MinkDescriptor: mem obj with id :20 not found in list
03-20 01:29:37.984  6324  6324 E HoneySpace.HotseatPot@106653629: Illegal access
03-20 01:29:37.988  3037  3677 E SmcInvoke_MinkDescriptor: mem obj with id :20 not found in list
03-20 01:29:37.990  3372  4285 E PackageManager: replace res.nonLocalizedLabel(null) to newName(Setting) and activity.getPackageName() () UId(1000)
03-20 01:29:37.993  3037  3680 E SmcInvoke_MinkDescriptor: mem obj with id :20 not found in list
03-20 01:29:37.998  3037  3680 E SmcInvoke_MinkDescriptor: mem obj with id :20 not found in list
03-20 01:29:38.015  2341  2341 E SurfaceFlinger: alpha changed 1.000 -> 0.000 - Surface(name=Task=1#46)/@0xb8dfb0b_transition-leash#66840
03-20 01:29:38.015  2341  2341 E SurfaceFlinger: alpha changed 1.000 -> 0.000 - Surface(name=WallpaperWindowToken{6300ac9}#67)/@0xd12ac01_transition-leash#66841
03-20 01:29:38.040  2341  2341 E SurfaceFlinger: alpha changed 1.000 -> 0.000 - Surface(name=WallpaperWindowToken{f2ee6b3}#66)/@0xb21baa6_transition-leash#66842
03-20 01:29:38.040  5689  5689 E ClockPackSettingsUtils: isRoamingState: android.provider.Settings$SettingNotFoundException: easy_mode_switch
03-20 01:29:38.043 31047 13938 E WorkerUtils: [ClusteringService: 1.0] Non Boost Case 
03-20 01:29:38.043 31026 13937 E WorkerUtils: [ClusteringService: 1.0] Non Boost Case 
03-20 01:29:38.047  3372  5167 E MotionRecognitionService: Receiver: ACTION_USER_PRESENT - UNLOCK SCREEN
03-20 01:29:38.056  3372  4549 E AppOps  : attributionTag  not declared in manifest of com.android.systemui
03-20 01:29:38.056  3372  4549 E AppOps  : attributionTag  not declared in manifest of com.android.systemui
03-20 01:29:38.060  5689  5689 E DigitalVerticalClockView_LOCK_SCREEN_1@764: setClockTextBlur : getPaletteItem() SOLID color : FFFFC94E /  true
03-20 01:29:38.060  5689  5689 E NowBarCardViewModel: updateExpandedClickPanelVisibility screen on = true expanded false isTopCardSettingViewOpened = false
03-20 01:29:38.063  5689  5856 E engmode_client_list: Cannot find client
03-20 01:29:38.063  5689  5856 E engmode_client_aidl: Client error
03-20 01:29:38.064  2276  3464 E ACDB    : vendor/qcom/proprietary/args/acdb/src/acdb_command.c:AcdbCmdGetProcSubgraphCalDataPersist:8255 Error[19]: No calibration found
03-20 01:29:38.065  3372  5167 E MotionRecognitionService: Receiver: ACTION_USER_PRESENT - UNLOCK SCREEN
03-20 01:29:38.071  2269  2269 E sensors-hal: flush:385, invalid flush request, active=0, oneshot=0
03-20 01:29:38.071  2107  2166 E engmode_world: Unknown token(00/00/00)
03-20 01:29:38.072  1509  1509 E engmode_aidl_service: error to server(0xd0060012)
03-20 01:29:38.073  5689  5689 E NotifRow: Magnetic state changed from IDLE to IDLE on a null swiped listener, or the logging key of the listener is null
03-20 01:29:38.075  2245  2463 E minksocket: MinkIPC ERROR: ( 2245:2463 ) MinkIPC_preProcess:272 Client down, but cannot find corresponding minksession
03-20 01:29:38.076  2245  2455 E minksocket: MinkIPC ERROR: ( 2245:2455 ) MinkIPC_preProcess:272 Client down, but cannot find corresponding minksession
03-20 01:29:38.077  2276  3464 E ACDB    : vendor/qcom/proprietary/args/acdb/src/acdb_command.c:AcdbCmdGetProcSubgraphCalDataPersist:8255 Error[19]: No calibration found
03-20 01:29:38.077  2276  3464 E ACDB    : vendor/qcom/proprietary/args/acdb/src/acdb_command.c:AcdbCmdGetProcSubgraphCalDataPersist:8255 Error[19]: No calibration found
03-20 01:29:38.077  2276  3464 E ACDB    : vendor/qcom/proprietary/args/acdb/src/acdb_command.c:AcdbCmdGetProcSubgraphCalDataPersist:8255 Error[19]: No calibration found
03-20 01:29:38.077  2276  3464 E ACDB    : vendor/qcom/proprietary/args/acdb/src/acdb_command.c:AcdbCmdGetProcSubgraphCalDataPersist:8255 Error[19]: No calibration found
03-20 01:29:38.079  2276  3464 E ACDB    : vendor/qcom/proprietary/args/acdb/src/acdb_command.c:AcdbCmdGetProcSubgraphCalDataPersist:8255 Error[19]: No calibration found
03-20 01:29:38.079  2276  3464 E ACDB    : vendor/qcom/proprietary/args/acdb/src/acdb_command.c:AcdbCmdGetProcSubgraphCalDataPersist:8255 Error[19]: No calibration found
03-20 01:29:38.079  2276  3464 E ACDB    : vendor/qcom/proprietary/args/acdb/src/acdb_command.c:AcdbCmdGetProcSubgraphCalDataPersist:8255 Error[19]: No calibration found
03-20 01:29:38.079  2276  3464 E ACDB    : vendor/qcom/proprietary/args/acdb/src/acdb_command.c:AcdbCmdGetProcSubgraphCalDataPersist:8255 Error[19]: No calibration found
03-20 01:29:38.083  2245  2455 E minksocket: MinkIPC ERROR: ( 2245:2455 ) MinkIPC_preProcess:272 Client down, but cannot find corresponding minksession
03-20 01:29:38.084  2245  2463 E minksocket: MinkIPC ERROR: ( 2245:2463 ) MinkIPC_preProcess:272 Client down, but cannot find corresponding minksession
03-20 01:29:38.087  2245  2455 E minksocket: MinkIPC ERROR: ( 2245:2455 ) MinkIPC_preProcess:272 Client down, but cannot find corresponding minksession
03-20 01:29:38.088  2245  2463 E minksocket: MinkIPC ERROR: ( 2245:2463 ) MinkIPC_preProcess:272 Client down, but cannot find corresponding minksession
03-20 01:29:38.088  2245  2455 E minksocket: MinkIPC ERROR: ( 2245:2455 ) MinkIPC_preProcess:272 Client down, but cannot find corresponding minksession
03-20 01:29:38.088  2245  2463 E minksocket: MinkIPC ERROR: ( 2245:2463 ) MinkIPC_preProcess:272 Client down, but cannot find corresponding minksession
03-20 01:29:38.113  5689  5689 E NowBarCardViewModel: updateExpandedClickPanelVisibility screen on = true expanded false isTopCardSettingViewOpened = false
03-20 01:29:38.121  5689  5689 E FlexPanelStartController: failed to call SemStatusBarManager
03-20 01:29:38.121  5689  5689 E FlexPanelStartController: java.lang.NullPointerException
03-20 01:29:38.121  5689  5689 E FlexPanelStartController: 	at com.android.wm.shell.flexpanel.FlexPanelStartController.onFlexModeChanged(qb/107331089 2a80f8fb0cb4c53d72b3260f8325f6165ff5f2476232e7fd6233bbe8fa3d8b24:24)
03-20 01:29:38.121  5689  5689 E FlexPanelStartController: 	at com.android.wm.shell.flexpanel.FlexPanelStartController$1.onReceive(qb/107331089 2a80f8fb0cb4c53d72b3260f8325f6165ff5f2476232e7fd6233bbe8fa3d8b24:72)
03-20 01:29:38.121  5689  5689 E FlexPanelStartController: 	at android.app.LoadedApk$ReceiverDispatcher$Args.lambda$getRunnable$0(LoadedApk.java:2073)
03-20 01:29:38.121  5689  5689 E FlexPanelStartController: 	at android.app.LoadedApk$ReceiverDispatcher$Args.$r8$lambda$mcNAAl1SQ4MyJPyDg8TJ2x2h0Rk(Unknown Source:0)
03-20 01:29:38.121  5689  5689 E FlexPanelStartController: 	at android.app.LoadedApk$ReceiverDispatcher$Args$$ExternalSyntheticLambda0.run(D8$$SyntheticClass:0)
03-20 01:29:38.121  5689  5689 E FlexPanelStartController: 	at android.os.Handler.handleCallback(Handler.java:1070)
03-20 01:29:38.121  5689  5689 E FlexPanelStartController: 	at android.os.Handler.dispatchMessage(Handler.java:125)
03-20 01:29:38.121  5689  5689 E FlexPanelStartController: 	at android.os.Looper.dispatchMessage(Looper.java:358)
03-20 01:29:38.121  5689  5689 E FlexPanelStartController: 	at android.os.Looper.loopOnce(Looper.java:288)
03-20 01:29:38.121  5689  5689 E FlexPanelStartController: 	at android.os.Looper.loop(Looper.java:392)
03-20 01:29:38.121  5689  5689 E FlexPanelStartController: 	at android.app.ActivityThread.main(ActivityThread.java:10346)
03-20 01:29:38.121  5689  5689 E FlexPanelStartController: 	at java.lang.reflect.Method.invoke(Native Method)
03-20 01:29:38.121  5689  5689 E FlexPanelStartController: 	at com.android.internal.os.RuntimeInit$MethodAndArgsCaller.run(RuntimeInit.java:638)
03-20 01:29:38.121  5689  5689 E FlexPanelStartController: 	at com.android.internal.os.ZygoteInit.main(ZygoteInit.java:972)
03-20 01:29:38.133  3372  4285 E WindowManager: win=Window{da8b526 u0 NotificationShade} destroySurfaces: appStopped=true cleanupOnResume=false win.mWindowRemovalAllowed=false win.mRemoveOnExit=false win.mViewVisibility=4 caller=com.android.server.wm.WindowManagerService.tryStartExitingAnimation:128 com.android.server.wm.WindowManagerService.relayoutWindow:1121 com.android.server.wm.Session.relayout:30 android.view.IWindowSession$Stub.onTransact:840 com.android.server.wm.Session.onTransact:1 android.os.Binder.execTransactInternal:1514 android.os.Binder.execTransact:1454 
03-20 01:29:38.162  3037  3680 E SmcInvoke_MinkDescriptor: mem obj with id :20 not found in list
03-20 01:29:38.217  5613  6898 E BluetoothRemoteDevices: Remote class is UNCATEGORIZED
03-20 01:29:38.272  2245  2455 E minksocket: MinkIPC ERROR: ( 2245:2455 ) MinkIPC_preProcess:272 Client down, but cannot find corresponding minksession
03-20 01:29:38.272  2245  2463 E minksocket: MinkIPC ERROR: ( 2245:2463 ) MinkIPC_preProcess:272 Client down, but cannot find corresponding minksession
03-20 01:29:38.272  2245  2455 E minksocket: MinkIPC ERROR: ( 2245:2455 ) MinkIPC_preProcess:272 Client down, but cannot find corresponding minksession
03-20 01:29:38.273  2245  2463 E minksocket: MinkIPC ERROR: ( 2245:2463 ) MinkIPC_preProcess:272 Client down, but cannot find corresponding minksession
03-20 01:29:38.273  2245  2455 E minksocket: MinkIPC ERROR: ( 2245:2455 ) MinkIPC_preProcess:272 Client down, but cannot find corresponding minksession
03-20 01:29:38.273  2245  2463 E minksocket: MinkIPC ERROR: ( 2245:2463 ) MinkIPC_preProcess:272 Client down, but cannot find corresponding minksession
03-20 01:29:38.276  2245  2463 E minksocket: MinkIPC ERROR: ( 2245:2463 ) MinkIPC_preProcess:272 Client down, but cannot find corresponding minksession
03-20 01:29:38.276  2245  2455 E minksocket: MinkIPC ERROR: ( 2245:2455 ) MinkIPC_preProcess:272 Client down, but cannot find corresponding minksession
03-20 01:29:38.276  2245  2455 E minksocket: MinkIPC ERROR: ( 2245:2455 ) MinkIPC_preProcess:272 Client down, but cannot find corresponding minksession
03-20 01:29:38.276  2245  2463 E minksocket: MinkIPC ERROR: ( 2245:2463 ) MinkIPC_preProcess:272 Client down, but cannot find corresponding minksession
03-20 01:29:38.276  2245  2455 E minksocket: MinkIPC ERROR: ( 2245:2455 ) MinkIPC_preProcess:272 Client down, but cannot find corresponding minksession
03-20 01:29:38.276  2245  2463 E minksocket: MinkIPC ERROR: ( 2245:2463 ) MinkIPC_preProcess:272 Client down, but cannot find corresponding minksession
03-20 01:29:38.291  5689  5689 E AbsSettings: refreshInner: refreshedSettingsDBItem key enabled_complication_widgets_id_list val = com.sec.android.app.shealth/com.samsung.android.app.shealth.tracker.dailyactivity.widget.DaWidgetReceiver;170;2;1;0~0,null~null-com.samsung.android.forest/com.samsung.android.forest.widget.DwGlanceWidgetScreenTimeProvider;174;2;1;2~0,null~null
03-20 01:29:38.369  3037  3680 E SmcInvoke_MinkDescriptor: mem obj with id :20 not found in list
03-20 01:29:38.369  3372  5256 E AidlResponseHandler: Client monitor is not an instance of com.android.server.biometrics.sensors.AcquisitionClient
03-20 01:29:38.372  2245  2455 E minksocket: MinkIPC ERROR: ( 2245:2455 ) MinkIPC_preProcess:272 Client down, but cannot find corresponding minksession
03-20 01:29:38.372  2245  2463 E minksocket: MinkIPC ERROR: ( 2245:2463 ) MinkIPC_preProcess:272 Client down, but cannot find corresponding minksession
03-20 01:29:38.372  2245  2455 E minksocket: MinkIPC ERROR: ( 2245:2455 ) MinkIPC_preProcess:272 Client down, but cannot find corresponding minksession
03-20 01:29:38.372  2245  2463 E minksocket: MinkIPC ERROR: ( 2245:2463 ) MinkIPC_preProcess:272 Client down, but cannot find corresponding minksession
03-20 01:29:38.373  2245  2455 E minksocket: MinkIPC ERROR: ( 2245:2455 ) MinkIPC_preProcess:272 Client down, but cannot find corresponding minksession
03-20 01:29:38.373  2245  2463 E minksocket: MinkIPC ERROR: ( 2245:2463 ) MinkIPC_preProcess:272 Client down, but cannot find corresponding minksession
03-20 01:29:38.373  3037  3680 E SmcInvoke_MinkDescriptor: mem obj with id :20 not found in list
03-20 01:29:38.373  2245  2455 E minksocket: MinkIPC ERROR: ( 2245:2455 ) MinkIPC_preProcess:272 Client down, but cannot find corresponding minksession
03-20 01:29:38.373  2245  2463 E minksocket: MinkIPC ERROR: ( 2245:2463 ) MinkIPC_preProcess:272 Client down, but cannot find corresponding minksession
03-20 01:29:38.428  5613  6898 E BluetoothRemoteDevices: Remote class is UNCATEGORIZED
03-20 01:29:38.433  3372  8662 E AppOps  : attributionTag  not declared in manifest of com.android.systemui
03-20 01:29:38.434  3372  6078 E AppOps  : attributionTag  not declared in manifest of com.android.systemui
03-20 01:29:38.535  5613  6898 E BluetoothRemoteDevices: Remote class is UNCATEGORIZED
03-20 01:29:38.622  3372  8662 E WindowManager: win=Window{2c07826 u0 FP Iconview} destroySurfaces: appStopped=true cleanupOnResume=false win.mWindowRemovalAllowed=false win.mRemoveOnExit=false win.mViewVisibility=8 caller=com.android.server.wm.WindowManagerService.tryStartExitingAnimation:128 com.android.server.wm.WindowManagerService.relayoutWindow:1121 com.android.server.wm.Session.relayout:30 android.view.IWindowSession$Stub.onTransact:840 com.android.server.wm.Session.onTransact:1 android.os.Binder.execTransactInternal:1509 android.os.Binder.execTransact:1454 
03-20 01:29:38.642  5613  6898 E BluetoothRemoteDevices: Remote class is UNCATEGORIZED
03-20 01:29:38.744  5613  6898 E BluetoothRemoteDevices: Remote class is UNCATEGORIZED
03-20 01:29:38.841  2297  2297 E SDM     : ScalarConfig::GetAIScaleSettingsInfo: AI Scaler Config for display 68 is not present
03-20 01:29:38.844  5613  6898 E BluetoothRemoteDevices: Remote class is UNCATEGORIZED
03-20 01:29:38.953  5613  6898 E BluetoothRemoteDevices: Remote class is UNCATEGORIZED
03-20 01:29:38.958  5689  5689 E MultiSimPreferredBar: fontScale= 0.8, densityDpi= 420, verticalPadding= 10.0.dp
03-20 01:29:38.958  5689  5689 E MultiSimPreferredBar: fontScale= 0.8, densityDpi= 420, verticalPadding= 10.0.dp
03-20 01:29:38.958  5689  5689 E MultiSimPreferredBar: fontScale= 0.8, densityDpi= 420, verticalPadding= 10.0.dp
03-20 01:29:38.965  2341  4546 E NativeCustomFrequencyManager: [NativeCFMS] BpCustomFrequencyManager::acquire()
03-20 01:29:38.965  3372  8662 E WindowManager: win=Window{7d0d8fa u0 com.sec.android.app.launcher/com.samsung.app.honeyspace.edge.edgepanel.app.CocktailBarService} destroySurfaces: appStopped=true cleanupOnResume=false win.mWindowRemovalAllowed=false win.mRemoveOnExit=false win.mViewVisibility=8 caller=com.android.server.wm.WindowManagerService.tryStartExitingAnimation:128 com.android.server.wm.WindowManagerService.relayoutWindow:1121 com.android.server.wm.Session.relayout:30 android.view.IWindowSession$Stub.onTransact:840 com.android.server.wm.Session.onTransact:1 android.os.Binder.execTransactInternal:1509 android.os.Binder.execTransact:1454 
03-20 01:29:39.056  3372  6388 E SemWifiApConfigStore: getWifiApConfiguration ssid
03-20 01:29:39.057  3372  6388 E SemWifiApConfigStore: getWifiApConfiguration ssid
03-20 01:29:39.059  5613  6898 E BluetoothRemoteDevices: Remote class is UNCATEGORIZED
03-20 01:29:39.164  5613  6898 E BluetoothRemoteDevices: Remote class is UNCATEGORIZED
03-20 01:29:39.273  5613  6898 E BluetoothRemoteDevices: Remote class is UNCATEGORIZED
03-20 01:29:39.374  2245  2455 E minksocket: MinkIPC ERROR: ( 2245:2455 ) MinkIPC_preProcess:272 Client down, but cannot find corresponding minksession
03-20 01:29:39.374  2245  2463 E minksocket: MinkIPC ERROR: ( 2245:2463 ) MinkIPC_preProcess:272 Client down, but cannot find corresponding minksession
03-20 01:29:39.374  2245  2455 E minksocket: MinkIPC ERROR: ( 2245:2455 ) MinkIPC_preProcess:272 Client down, but cannot find corresponding minksession
03-20 01:29:39.374  2245  2463 E minksocket: MinkIPC ERROR: ( 2245:2463 ) MinkIPC_preProcess:272 Client down, but cannot find corresponding minksession
03-20 01:29:39.386  5613  6898 E BluetoothRemoteDevices: Remote class is UNCATEGORIZED
03-20 01:29:39.473  2245  2455 E minksocket: MinkIPC ERROR: ( 2245:2455 ) MinkIPC_preProcess:272 Client down, but cannot find corresponding minksession
03-20 01:29:39.473  2245  2463 E minksocket: MinkIPC ERROR: ( 2245:2463 ) MinkIPC_preProcess:272 Client down, but cannot find corresponding minksession
03-20 01:29:39.474  2245  2455 E minksocket: MinkIPC ERROR: ( 2245:2455 ) MinkIPC_preProcess:272 Client down, but cannot find corresponding minksession
03-20 01:29:39.474  2245  2463 E minksocket: MinkIPC ERROR: ( 2245:2463 ) MinkIPC_preProcess:272 Client down, but cannot find corresponding minksession
03-20 01:29:39.474  2245  2455 E minksocket: MinkIPC ERROR: ( 2245:2455 ) MinkIPC_preProcess:272 Client down, but cannot find corresponding minksession
03-20 01:29:39.474  2245  2463 E minksocket: MinkIPC ERROR: ( 2245:2463 ) MinkIPC_preProcess:272 Client down, but cannot find corresponding minksession
03-20 01:29:39.475  2245  2455 E minksocket: MinkIPC ERROR: ( 2245:2455 ) MinkIPC_preProcess:272 Client down, but cannot find corresponding minksession
03-20 01:29:39.475  2245  2463 E minksocket: MinkIPC ERROR: ( 2245:2463 ) MinkIPC_preProcess:272 Client down, but cannot find corresponding minksession
03-20 01:29:39.491  5613  6898 E BluetoothRemoteDevices: Remote class is UNCATEGORIZED
03-20 01:29:39.593  5613  6898 E BluetoothRemoteDevices: Remote class is UNCATEGORIZED
03-20 01:29:39.704  5613  6898 E BluetoothRemoteDevices: Remote class is UNCATEGORIZED
03-20 01:29:39.811  5613  6898 E BluetoothRemoteDevices: Remote class is UNCATEGORIZED
03-20 01:29:39.915  5613  6898 E BluetoothRemoteDevices: Remote class is UNCATEGORIZED
03-20 01:29:39.960  2297  2297 E SDM     : ScalarConfig::GetAIScaleSettingsInfo: AI Scaler Config for display 68 is not present
03-20 01:29:40.025  5613  6898 E BluetoothRemoteDevices: Remote class is UNCATEGORIZED
03-20 01:29:40.136  5613  6898 E BluetoothRemoteDevices: Remote class is UNCATEGORIZED
03-20 01:29:40.224  2297  2297 E SDM     : ScalarConfig::GetAIScaleSettingsInfo: AI Scaler Config for display 68 is not present
03-20 01:29:40.243  5613  6898 E BluetoothRemoteDevices: Remote class is UNCATEGORIZED
03-20 01:29:40.348  5613  6898 E BluetoothRemoteDevices: Remote class is UNCATEGORIZED
03-20 01:29:40.457  5613  6898 E BluetoothRemoteDevices: Remote class is UNCATEGORIZED
03-20 01:29:40.566  5613  6898 E BluetoothRemoteDevices: Remote class is UNCATEGORIZED
03-20 01:29:40.573  2245  2455 E minksocket: MinkIPC ERROR: ( 2245:2455 ) MinkIPC_preProcess:272 Client down, but cannot find corresponding minksession
03-20 01:29:40.573  2245  2463 E minksocket: MinkIPC ERROR: ( 2245:2463 ) MinkIPC_preProcess:272 Client down, but cannot find corresponding minksession
03-20 01:29:40.573  2245  2455 E minksocket: MinkIPC ERROR: ( 2245:2455 ) MinkIPC_preProcess:272 Client down, but cannot find corresponding minksession
03-20 01:29:40.573  2245  2463 E minksocket: MinkIPC ERROR: ( 2245:2463 ) MinkIPC_preProcess:272 Client down, but cannot find corresponding minksession
03-20 01:29:40.573  2245  2455 E minksocket: MinkIPC ERROR: ( 2245:2455 ) MinkIPC_preProcess:272 Client down, but cannot find corresponding minksession
03-20 01:29:40.573  2245  2463 E minksocket: MinkIPC ERROR: ( 2245:2463 ) MinkIPC_preProcess:272 Client down, but cannot find corresponding minksession
03-20 01:29:40.574  2245  2463 E minksocket: MinkIPC ERROR: ( 2245:2463 ) MinkIPC_preProcess:272 Client down, but cannot find corresponding minksession
03-20 01:29:40.574  2245  2455 E minksocket: MinkIPC ERROR: ( 2245:2455 ) MinkIPC_preProcess:272 Client down, but cannot find corresponding minksession
03-20 01:29:40.675  5613  6898 E BluetoothRemoteDevices: Remote class is UNCATEGORIZED
03-20 01:29:40.780  5613  6898 E BluetoothRemoteDevices: Remote class is UNCATEGORIZED
03-20 01:29:41.005  5613  6898 E BluetoothRemoteDevices: Remote class is UNCATEGORIZED
03-20 01:29:41.009  2341  4546 E NativeCustomFrequencyManager: [NativeCFMS] BpCustomFrequencyManager::acquire()
03-20 01:29:41.010  2297  2297 E SDM     : ScalarConfig::GetAIScaleSettingsInfo: AI Scaler Config for display 68 is not present
03-20 01:29:41.104  5613  6898 E BluetoothRemoteDevices: Remote class is UNCATEGORIZED
03-20 01:29:41.210  5613  6898 E BluetoothRemoteDevices: Remote class is UNCATEGORIZED
03-20 01:29:41.232  2297  2297 E SDM     : ScalarConfig::GetAIScaleSettingsInfo: AI Scaler Config for display 68 is not present
03-20 01:29:41.325  5613  6898 E BluetoothRemoteDevices: Remote class is UNCATEGORIZED
03-20 01:29:41.434  5613  6898 E BluetoothRemoteDevices: Remote class is UNCATEGORIZED
03-20 01:29:41.533  5613  6898 E BluetoothRemoteDevices: Remote class is UNCATEGORIZED
03-20 01:29:41.555  2324  2386 E DeviceHalAidl: Function: parseAndSetVendorParameters Line: 414 Failed 
03-20 01:29:41.555  2324  2386 E DeviceHalAidl: Function: parseAndSetVendorParameters Line: 414 Failed 
03-20 01:29:41.556  2324  2386 E DeviceHalAidl: Function: parseAndSetVendorParameters Line: 414 Failed 
03-20 01:29:41.556  2324  2386 E DeviceHalAidl: Function: parseAndSetVendorParameters Line: 414 Failed 
03-20 01:29:41.648  5613  6898 E BluetoothRemoteDevices: Remote class is UNCATEGORIZED
03-20 01:29:41.673  2245  2455 E minksocket: MinkIPC ERROR: ( 2245:2455 ) MinkIPC_preProcess:272 Client down, but cannot find corresponding minksession
03-20 01:29:41.673  2245  2463 E minksocket: MinkIPC ERROR: ( 2245:2463 ) MinkIPC_preProcess:272 Client down, but cannot find corresponding minksession
03-20 01:29:41.673  2245  2463 E minksocket: MinkIPC ERROR: ( 2245:2463 ) MinkIPC_preProcess:272 Client down, but cannot find corresponding minksession
03-20 01:29:41.673  2245  2455 E minksocket: MinkIPC ERROR: ( 2245:2455 ) MinkIPC_preProcess:272 Client down, but cannot find corresponding minksession
03-20 01:29:41.674  2245  2455 E minksocket: MinkIPC ERROR: ( 2245:2455 ) MinkIPC_preProcess:272 Client down, but cannot find corresponding minksession
03-20 01:29:41.674  2245  2463 E minksocket: MinkIPC ERROR: ( 2245:2463 ) MinkIPC_preProcess:272 Client down, but cannot find corresponding minksession
03-20 01:29:41.675  2245  2455 E minksocket: MinkIPC ERROR: ( 2245:2455 ) MinkIPC_preProcess:272 Client down, but cannot find corresponding minksession
03-20 01:29:41.675  2245  2463 E minksocket: MinkIPC ERROR: ( 2245:2463 ) MinkIPC_preProcess:272 Client down, but cannot find corresponding minksession
03-20 01:29:41.854  5613  6898 E BluetoothRemoteDevices: Remote class is UNCATEGORIZED
03-20 01:29:41.872  2245  2463 E minksocket: MinkIPC ERROR: ( 2245:2463 ) MinkIPC_preProcess:272 Client down, but cannot find corresponding minksession
03-20 01:29:41.872  2245  2455 E minksocket: MinkIPC ERROR: ( 2245:2455 ) MinkIPC_preProcess:272 Client down, but cannot find corresponding minksession
03-20 01:29:41.873  2245  2455 E minksocket: MinkIPC ERROR: ( 2245:2455 ) MinkIPC_preProcess:272 Client down, but cannot find corresponding minksession
03-20 01:29:41.873  2245  2463 E minksocket: MinkIPC ERROR: ( 2245:2463 ) MinkIPC_preProcess:272 Client down, but cannot find corresponding minksession
03-20 01:29:41.873  2245  2463 E minksocket: MinkIPC ERROR: ( 2245:2463 ) MinkIPC_preProcess:272 Client down, but cannot find corresponding minksession
03-20 01:29:41.874  2245  2455 E minksocket: MinkIPC ERROR: ( 2245:2455 ) MinkIPC_preProcess:272 Client down, but cannot find corresponding minksession
03-20 01:29:41.874  2245  2455 E minksocket: MinkIPC ERROR: ( 2245:2455 ) MinkIPC_preProcess:272 Client down, but cannot find corresponding minksession
03-20 01:29:41.874  2245  2463 E minksocket: MinkIPC ERROR: ( 2245:2463 ) MinkIPC_preProcess:272 Client down, but cannot find corresponding minksession
03-20 01:29:41.875  2245  2455 E minksocket: MinkIPC ERROR: ( 2245:2455 ) MinkIPC_preProcess:272 Client down, but cannot find corresponding minksession
03-20 01:29:41.875  2245  2463 E minksocket: MinkIPC ERROR: ( 2245:2463 ) MinkIPC_preProcess:272 Client down, but cannot find corresponding minksession
03-20 01:29:41.875  2245  2463 E minksocket: MinkIPC ERROR: ( 2245:2463 ) MinkIPC_preProcess:272 Client down, but cannot find corresponding minksession
03-20 01:29:41.875  2245  2455 E minksocket: MinkIPC ERROR: ( 2245:2455 ) MinkIPC_preProcess:272 Client down, but cannot find corresponding minksession
03-20 01:29:41.982 26799 26816 E perf_hint: Session ID too large, must fit 32-bit integer
03-20 01:29:41.983  2297  2297 E SDM     : ScalarConfig::GetAIScaleSettingsInfo: AI Scaler Config for display 68 is not present
03-20 01:29:42.021 26799 26815 E perf_hint: Session ID too large, must fit 32-bit integer
03-20 01:29:42.073  5613  6898 E BluetoothRemoteDevices: Remote class is UNCATEGORIZED
03-20 01:29:42.184  5613  6898 E BluetoothRemoteDevices: Remote class is UNCATEGORIZED
03-20 01:29:42.240  2297  2297 E SDM     : ScalarConfig::GetAIScaleSettingsInfo: AI Scaler Config for display 68 is not present
03-20 01:29:42.773  2245  2455 E minksocket: MinkIPC ERROR: ( 2245:2455 ) MinkIPC_preProcess:272 Client down, but cannot find corresponding minksession
03-20 01:29:42.773  2245  2463 E minksocket: MinkIPC ERROR: ( 2245:2463 ) MinkIPC_preProcess:272 Client down, but cannot find corresponding minksession
03-20 01:29:42.774  2245  2455 E minksocket: MinkIPC ERROR: ( 2245:2455 ) MinkIPC_preProcess:272 Client down, but cannot find corresponding minksession
03-20 01:29:42.774  2245  2463 E minksocket: MinkIPC ERROR: ( 2245:2463 ) MinkIPC_preProcess:272 Client down, but cannot find corresponding minksession
03-20 01:29:42.774  2245  2455 E minksocket: MinkIPC ERROR: ( 2245:2455 ) MinkIPC_preProcess:272 Client down, but cannot find corresponding minksession
03-20 01:29:42.775  2245  2463 E minksocket: MinkIPC ERROR: ( 2245:2463 ) MinkIPC_preProcess:272 Client down, but cannot find corresponding minksession
03-20 01:29:42.775  2245  2463 E minksocket: MinkIPC ERROR: ( 2245:2463 ) MinkIPC_preProcess:272 Client down, but cannot find corresponding minksession
03-20 01:29:42.775  2245  2455 E minksocket: MinkIPC ERROR: ( 2245:2455 ) MinkIPC_preProcess:272 Client down, but cannot find corresponding minksession
03-20 01:29:43.007  2341  4546 E NativeCustomFrequencyManager: [NativeCFMS] BpCustomFrequencyManager::acquire()
03-20 01:29:43.007  2297  2297 E SDM     : ScalarConfig::GetAIScaleSettingsInfo: AI Scaler Config for display 68 is not present
03-20 01:29:43.061  2305  2367 E BatteryDump: !@new_battery_dump : 4375,7,900,3393,100,299,270,337,299,0,322,332,0,Not-charging,NO_CHARGING,None,Good,PDIC,0,Normal,0,0,9300,0x8000,0x11010000,0x0,0,0,525,v0002,0000,0000,00000000,0,0,0,0,564,4380,9974,979,0,
03-20 01:29:43.148  5613  6898 E BluetoothRemoteDevices: Remote class is UNCATEGORIZED
03-20 01:29:43.248  5613  6898 E BluetoothRemoteDevices: Remote class is UNCATEGORIZED
03-20 01:29:43.248  2297  2297 E SDM     : ScalarConfig::GetAIScaleSettingsInfo: AI Scaler Config for display 68 is not present
03-20 01:29:43.673  2245  2463 E minksocket: MinkIPC ERROR: ( 2245:2463 ) MinkIPC_preProcess:272 Client down, but cannot find corresponding minksession
03-20 01:29:43.673  2245  2455 E minksocket: MinkIPC ERROR: ( 2245:2455 ) MinkIPC_preProcess:272 Client down, but cannot find corresponding minksession
03-20 01:29:43.674  2245  2455 E minksocket: MinkIPC ERROR: ( 2245:2455 ) MinkIPC_preProcess:272 Client down, but cannot find corresponding minksession
03-20 01:29:43.674  2245  2463 E minksocket: MinkIPC ERROR: ( 2245:2463 ) MinkIPC_preProcess:272 Client down, but cannot find corresponding minksession
03-20 01:29:43.873  2245  2455 E minksocket: MinkIPC ERROR: ( 2245:2455 ) MinkIPC_preProcess:272 Client down, but cannot find corresponding minksession
03-20 01:29:43.873  2245  2463 E minksocket: MinkIPC ERROR: ( 2245:2463 ) MinkIPC_preProcess:272 Client down, but cannot find corresponding minksession
03-20 01:29:43.874  2245  2455 E minksocket: MinkIPC ERROR: ( 2245:2455 ) MinkIPC_preProcess:272 Client down, but cannot find corresponding minksession
03-20 01:29:43.874  2245  2463 E minksocket: MinkIPC ERROR: ( 2245:2463 ) MinkIPC_preProcess:272 Client down, but cannot find corresponding minksession
03-20 01:29:43.874  2245  2463 E minksocket: MinkIPC ERROR: ( 2245:2463 ) MinkIPC_preProcess:272 Client down, but cannot find corresponding minksession
03-20 01:29:43.874  2245  2455 E minksocket: MinkIPC ERROR: ( 2245:2455 ) MinkIPC_preProcess:272 Client down, but cannot find corresponding minksession
03-20 01:29:43.875  2245  2463 E minksocket: MinkIPC ERROR: ( 2245:2463 ) MinkIPC_preProcess:272 Client down, but cannot find corresponding minksession
03-20 01:29:43.875  2245  2455 E minksocket: MinkIPC ERROR: ( 2245:2455 ) MinkIPC_preProcess:272 Client down, but cannot find corresponding minksession
03-20 01:29:44.007  2297  2297 E SDM     : ScalarConfig::GetAIScaleSettingsInfo: AI Scaler Config for display 68 is not present
03-20 01:29:44.109  5613  6898 E BluetoothRemoteDevices: Remote class is UNCATEGORIZED
03-20 01:29:44.248  2297  2297 E SDM     : ScalarConfig::GetAIScaleSettingsInfo: AI Scaler Config for display 68 is not present
03-20 01:29:44.302  5613  6898 E BluetoothRemoteDevices: Remote class is UNCATEGORIZED
03-20 01:29:44.973  2245  2463 E minksocket: MinkIPC ERROR: ( 2245:2463 ) MinkIPC_preProcess:272 Client down, but cannot find corresponding minksession
03-20 01:29:44.973  2245  2455 E minksocket: MinkIPC ERROR: ( 2245:2455 ) MinkIPC_preProcess:272 Client down, but cannot find corresponding minksession
03-20 01:29:44.974  2245  2455 E minksocket: MinkIPC ERROR: ( 2245:2455 ) MinkIPC_preProcess:272 Client down, but cannot find corresponding minksession
03-20 01:29:44.974  2245  2463 E minksocket: MinkIPC ERROR: ( 2245:2463 ) MinkIPC_preProcess:272 Client down, but cannot find corresponding minksession
03-20 01:29:44.974  2245  2455 E minksocket: MinkIPC ERROR: ( 2245:2455 ) MinkIPC_preProcess:272 Client down, but cannot find corresponding minksession
03-20 01:29:44.974  2245  2463 E minksocket: MinkIPC ERROR: ( 2245:2463 ) MinkIPC_preProcess:272 Client down, but cannot find corresponding minksession
03-20 01:29:44.975  2245  2463 E minksocket: MinkIPC ERROR: ( 2245:2463 ) MinkIPC_preProcess:272 Client down, but cannot find corresponding minksession
03-20 01:29:44.975  2245  2455 E minksocket: MinkIPC ERROR: ( 2245:2455 ) MinkIPC_preProcess:272 Client down, but cannot find corresponding minksession
03-20 01:29:45.005  2341  4546 E NativeCustomFrequencyManager: [NativeCFMS] BpCustomFrequencyManager::acquire()
03-20 01:29:45.006  2297  2297 E SDM     : ScalarConfig::GetAIScaleSettingsInfo: AI Scaler Config for display 68 is not present
03-20 01:29:45.022  2297  2297 E SDM     : ScalarConfig::GetAIScaleSettingsInfo: AI Scaler Config for display 68 is not present
03-20 01:29:45.247  2297  2297 E SDM     : ScalarConfig::GetAIScaleSettingsInfo: AI Scaler Config for display 68 is not present
03-20 01:29:46.005  2297  2297 E SDM     : ScalarConfig::GetAIScaleSettingsInfo: AI Scaler Config for display 68 is not present
03-20 01:29:46.073  2245  2455 E minksocket: MinkIPC ERROR: ( 2245:2455 ) MinkIPC_preProcess:272 Client down, but cannot find corresponding minksession
03-20 01:29:46.073  2245  2463 E minksocket: MinkIPC ERROR: ( 2245:2463 ) MinkIPC_preProcess:272 Client down, but cannot find corresponding minksession
03-20 01:29:46.073  2245  2455 E minksocket: MinkIPC ERROR: ( 2245:2455 ) MinkIPC_preProcess:272 Client down, but cannot find corresponding minksession
03-20 01:29:46.073  2245  2463 E minksocket: MinkIPC ERROR: ( 2245:2463 ) MinkIPC_preProcess:272 Client down, but cannot find corresponding minksession
03-20 01:29:46.073  2245  2455 E minksocket: MinkIPC ERROR: ( 2245:2455 ) MinkIPC_preProcess:272 Client down, but cannot find corresponding minksession
03-20 01:29:46.073  2245  2463 E minksocket: MinkIPC ERROR: ( 2245:2463 ) MinkIPC_preProcess:272 Client down, but cannot find corresponding minksession
03-20 01:29:46.074  2245  2455 E minksocket: MinkIPC ERROR: ( 2245:2455 ) MinkIPC_preProcess:272 Client down, but cannot find corresponding minksession
03-20 01:29:46.074  2245  2463 E minksocket: MinkIPC ERROR: ( 2245:2463 ) MinkIPC_preProcess:272 Client down, but cannot find corresponding minksession
03-20 01:29:46.255  2297  2297 E SDM     : ScalarConfig::GetAIScaleSettingsInfo: AI Scaler Config for display 68 is not present
03-20 01:29:46.285  5613  6898 E BluetoothRemoteDevices: Remote class is UNCATEGORIZED
03-20 01:29:46.394  5613  6898 E BluetoothRemoteDevices: Remote class is UNCATEGORIZED
03-20 01:29:47.015  2297  2297 E SDM     : ScalarConfig::GetAIScaleSettingsInfo: AI Scaler Config for display 68 is not present
03-20 01:29:47.017  2341  4546 E NativeCustomFrequencyManager: [NativeCFMS] BpCustomFrequencyManager::acquire()
03-20 01:29:47.173  2245  2463 E minksocket: MinkIPC ERROR: ( 2245:2463 ) MinkIPC_preProcess:272 Client down, but cannot find corresponding minksession
03-20 01:29:47.173  2245  2455 E minksocket: MinkIPC ERROR: ( 2245:2455 ) MinkIPC_preProcess:272 Client down, but cannot find corresponding minksession
03-20 01:29:47.173  2245  2455 E minksocket: MinkIPC ERROR: ( 2245:2455 ) MinkIPC_preProcess:272 Client down, but cannot find corresponding minksession
03-20 01:29:47.173  2245  2463 E minksocket: MinkIPC ERROR: ( 2245:2463 ) MinkIPC_preProcess:272 Client down, but cannot find corresponding minksession
03-20 01:29:47.174  2245  2455 E minksocket: MinkIPC ERROR: ( 2245:2455 ) MinkIPC_preProcess:272 Client down, but cannot find corresponding minksession
03-20 01:29:47.174  2245  2463 E minksocket: MinkIPC ERROR: ( 2245:2463 ) MinkIPC_preProcess:272 Client down, but cannot find corresponding minksession
03-20 01:29:47.174  2245  2455 E minksocket: MinkIPC ERROR: ( 2245:2455 ) MinkIPC_preProcess:272 Client down, but cannot find corresponding minksession
03-20 01:29:47.174  2245  2463 E minksocket: MinkIPC ERROR: ( 2245:2463 ) MinkIPC_preProcess:272 Client down, but cannot find corresponding minksession
03-20 01:29:47.255  2297  2297 E SDM     : ScalarConfig::GetAIScaleSettingsInfo: AI Scaler Config for display 68 is not present
03-20 01:29:47.573  2245  2463 E minksocket: MinkIPC ERROR: ( 2245:2463 ) MinkIPC_preProcess:272 Client down, but cannot find corresponding minksession
03-20 01:29:47.573  2245  2455 E minksocket: MinkIPC ERROR: ( 2245:2455 ) MinkIPC_preProcess:272 Client down, but cannot find corresponding minksession
03-20 01:29:47.574  2245  2455 E minksocket: MinkIPC ERROR: ( 2245:2455 ) MinkIPC_preProcess:272 Client down, but cannot find corresponding minksession
03-20 01:29:47.574  2245  2463 E minksocket: MinkIPC ERROR: ( 2245:2463 ) MinkIPC_preProcess:272 Client down, but cannot find corresponding minksession
03-20 01:29:47.574  2245  2463 E minksocket: MinkIPC ERROR: ( 2245:2463 ) MinkIPC_preProcess:272 Client down, but cannot find corresponding minksession
03-20 01:29:47.574  2245  2455 E minksocket: MinkIPC ERROR: ( 2245:2455 ) MinkIPC_preProcess:272 Client down, but cannot find corresponding minksession
03-20 01:29:47.576  2245  2455 E minksocket: MinkIPC ERROR: ( 2245:2455 ) MinkIPC_preProcess:272 Client down, but cannot find corresponding minksession
03-20 01:29:47.576  2245  2463 E minksocket: MinkIPC ERROR: ( 2245:2463 ) MinkIPC_preProcess:272 Client down, but cannot find corresponding minksession
03-20 01:29:47.576  2245  2455 E minksocket: MinkIPC ERROR: ( 2245:2455 ) MinkIPC_preProcess:272 Client down, but cannot find corresponding minksession
03-20 01:29:47.576  2245  2463 E minksocket: MinkIPC ERROR: ( 2245:2463 ) MinkIPC_preProcess:272 Client down, but cannot find corresponding minksession
03-20 01:29:47.577  2245  2455 E minksocket: MinkIPC ERROR: ( 2245:2455 ) MinkIPC_preProcess:272 Client down, but cannot find corresponding minksession
03-20 01:29:47.577  2245  2463 E minksocket: MinkIPC ERROR: ( 2245:2463 ) MinkIPC_preProcess:272 Client down, but cannot find corresponding minksession
03-20 01:29:48.014  2297  2297 E SDM     : ScalarConfig::GetAIScaleSettingsInfo: AI Scaler Config for display 68 is not present
03-20 01:29:48.021  2297  2297 E SDM     : ScalarConfig::GetAIScaleSettingsInfo: AI Scaler Config for display 68 is not present
03-20 01:29:48.202  5613  6898 E BluetoothRemoteDevices: Remote class is UNCATEGORIZED
03-20 01:29:48.264  2297  2297 E SDM     : ScalarConfig::GetAIScaleSettingsInfo: AI Scaler Config for display 68 is not present
03-20 01:29:48.273  2245  2455 E minksocket: MinkIPC ERROR: ( 2245:2455 ) MinkIPC_preProcess:272 Client down, but cannot find corresponding minksession
03-20 01:29:48.273  2245  2463 E minksocket: MinkIPC ERROR: ( 2245:2463 ) MinkIPC_preProcess:272 Client down, but cannot find corresponding minksession
03-20 01:29:48.273  2245  2463 E minksocket: MinkIPC ERROR: ( 2245:2463 ) MinkIPC_preProcess:272 Client down, but cannot find corresponding minksession
03-20 01:29:48.273  2245  2455 E minksocket: MinkIPC ERROR: ( 2245:2455 ) MinkIPC_preProcess:272 Client down, but cannot find corresponding minksession
03-20 01:29:48.273  2245  2463 E minksocket: MinkIPC ERROR: ( 2245:2463 ) MinkIPC_preProcess:272 Client down, but cannot find corresponding minksession
03-20 01:29:48.273  2245  2455 E minksocket: MinkIPC ERROR: ( 2245:2455 ) MinkIPC_preProcess:272 Client down, but cannot find corresponding minksession
03-20 01:29:48.274  2245  2455 E minksocket: MinkIPC ERROR: ( 2245:2455 ) MinkIPC_preProcess:272 Client down, but cannot find corresponding minksession
03-20 01:29:48.274  2245  2463 E minksocket: MinkIPC ERROR: ( 2245:2463 ) MinkIPC_preProcess:272 Client down, but cannot find corresponding minksession
03-20 01:29:48.312  5613  6898 E BluetoothRemoteDevices: Remote class is UNCATEGORIZED
03-20 01:29:48.574  2245  2455 E minksocket: MinkIPC ERROR: ( 2245:2455 ) MinkIPC_preProcess:272 Client down, but cannot find corresponding minksession
03-20 01:29:48.574  2245  2463 E minksocket: MinkIPC ERROR: ( 2245:2463 ) MinkIPC_preProcess:272 Client down, but cannot find corresponding minksession
03-20 01:29:48.575  2245  2455 E minksocket: MinkIPC ERROR: ( 2245:2455 ) MinkIPC_preProcess:272 Client down, but cannot find corresponding minksession
03-20 01:29:48.575  2245  2463 E minksocket: MinkIPC ERROR: ( 2245:2463 ) MinkIPC_preProcess:272 Client down, but cannot find corresponding minksession
03-20 01:29:49.013  2341  4546 E NativeCustomFrequencyManager: [NativeCFMS] BpCustomFrequencyManager::acquire()
03-20 01:29:49.013  2297  2297 E SDM     : ScalarConfig::GetAIScaleSettingsInfo: AI Scaler Config for display 68 is not present
03-20 01:29:49.021  2297  2297 E SDM     : ScalarConfig::GetAIScaleSettingsInfo: AI Scaler Config for display 68 is not present
03-20 01:29:49.263  2297  2297 E SDM     : ScalarConfig::GetAIScaleSettingsInfo: AI Scaler Config for display 68 is not present
03-20 01:29:49.373  2245  2463 E minksocket: MinkIPC ERROR: ( 2245:2463 ) MinkIPC_preProcess:272 Client down, but cannot find corresponding minksession
03-20 01:29:49.373  2245  2455 E minksocket: MinkIPC ERROR: ( 2245:2455 ) MinkIPC_preProcess:272 Client down, but cannot find corresponding minksession
03-20 01:29:49.374  2245  2455 E minksocket: MinkIPC ERROR: ( 2245:2455 ) MinkIPC_preProcess:272 Client down, but cannot find corresponding minksession
03-20 01:29:49.374  2245  2463 E minksocket: MinkIPC ERROR: ( 2245:2463 ) MinkIPC_preProcess:272 Client down, but cannot find corresponding minksession
03-20 01:29:49.375  2245  2455 E minksocket: MinkIPC ERROR: ( 2245:2455 ) MinkIPC_preProcess:272 Client down, but cannot find corresponding minksession
03-20 01:29:49.375  2245  2463 E minksocket: MinkIPC ERROR: ( 2245:2463 ) MinkIPC_preProcess:272 Client down, but cannot find corresponding minksession
03-20 01:29:49.376  2245  2455 E minksocket: MinkIPC ERROR: ( 2245:2455 ) MinkIPC_preProcess:272 Client down, but cannot find corresponding minksession
03-20 01:29:49.376  2245  2463 E minksocket: MinkIPC ERROR: ( 2245:2463 ) MinkIPC_preProcess:272 Client down, but cannot find corresponding minksession
03-20 01:29:50.013  2297  2297 E SDM     : ScalarConfig::GetAIScaleSettingsInfo: AI Scaler Config for display 68 is not present
03-20 01:29:50.026  5613  6898 E BluetoothRemoteDevices: Remote class is UNCATEGORIZED
03-20 01:29:50.134  5613  6898 E BluetoothRemoteDevices: Remote class is UNCATEGORIZED
03-20 01:29:50.272  2297  2297 E SDM     : ScalarConfig::GetAIScaleSettingsInfo: AI Scaler Config for display 68 is not present
03-20 01:29:50.296  2297  2297 E SDM     : ScalarConfig::GetAIScaleSettingsInfo: AI Scaler Config for display 68 is not present
03-20 01:29:51.013  2341  4546 E NativeCustomFrequencyManager: [NativeCFMS] BpCustomFrequencyManager::acquire()
03-20 01:29:51.014  2297  2297 E SDM     : ScalarConfig::GetAIScaleSettingsInfo: AI Scaler Config for display 68 is not present
03-20 01:29:51.085  2245  2463 E minksocket: MinkIPC ERROR: ( 2245:2463 ) MinkIPC_preProcess:272 Client down, but cannot find corresponding minksession
03-20 01:29:51.085  2245  2455 E minksocket: MinkIPC ERROR: ( 2245:2455 ) MinkIPC_preProcess:272 Client down, but cannot find corresponding minksession
03-20 01:29:51.085  2245  2455 E minksocket: MinkIPC ERROR: ( 2245:2455 ) MinkIPC_preProcess:272 Client down, but cannot find corresponding minksession
03-20 01:29:51.085  2245  2463 E minksocket: MinkIPC ERROR: ( 2245:2463 ) MinkIPC_preProcess:272 Client down, but cannot find corresponding minksession
03-20 01:29:51.086  2245  2455 E minksocket: MinkIPC ERROR: ( 2245:2455 ) MinkIPC_preProcess:272 Client down, but cannot find corresponding minksession
03-20 01:29:51.086  2245  2463 E minksocket: MinkIPC ERROR: ( 2245:2463 ) MinkIPC_preProcess:272 Client down, but cannot find corresponding minksession
03-20 01:29:51.086  2245  2463 E minksocket: MinkIPC ERROR: ( 2245:2463 ) MinkIPC_preProcess:272 Client down, but cannot find corresponding minksession
03-20 01:29:51.086  2245  2455 E minksocket: MinkIPC ERROR: ( 2245:2455 ) MinkIPC_preProcess:272 Client down, but cannot find corresponding minksession
03-20 01:29:51.593  2324  2386 E DeviceHalAidl: Function: parseAndSetVendorParameters Line: 414 Failed 
03-20 01:29:51.593  2324  2386 E DeviceHalAidl: Function: parseAndSetVendorParameters Line: 414 Failed 
03-20 01:29:51.594  2324  2386 E DeviceHalAidl: Function: parseAndSetVendorParameters Line: 414 Failed 
03-20 01:29:51.594  2324  2386 E DeviceHalAidl: Function: parseAndSetVendorParameters Line: 414 Failed 
03-20 01:29:51.940  5613  6898 E BluetoothRemoteDevices: Remote class is UNCATEGORIZED
03-20 01:29:51.985  2245  2455 E minksocket: MinkIPC ERROR: ( 2245:2455 ) MinkIPC_preProcess:272 Client down, but cannot find corresponding minksession
03-20 01:29:51.985  2245  2463 E minksocket: MinkIPC ERROR: ( 2245:2463 ) MinkIPC_preProcess:272 Client down, but cannot find corresponding minksession
03-20 01:29:51.985  2245  2455 E minksocket: MinkIPC ERROR: ( 2245:2455 ) MinkIPC_preProcess:272 Client down, but cannot find corresponding minksession
03-20 01:29:51.985  2245  2463 E minksocket: MinkIPC ERROR: ( 2245:2463 ) MinkIPC_preProcess:272 Client down, but cannot find corresponding minksession
03-20 01:29:51.986  2245  2463 E minksocket: MinkIPC ERROR: ( 2245:2463 ) MinkIPC_preProcess:272 Client down, but cannot find corresponding minksession
03-20 01:29:51.986  2245  2455 E minksocket: MinkIPC ERROR: ( 2245:2455 ) MinkIPC_preProcess:272 Client down, but cannot find corresponding minksession
03-20 01:29:51.987  2245  2463 E minksocket: MinkIPC ERROR: ( 2245:2463 ) MinkIPC_preProcess:272 Client down, but cannot find corresponding minksession
03-20 01:29:51.987  2245  2455 E minksocket: MinkIPC ERROR: ( 2245:2455 ) MinkIPC_preProcess:272 Client down, but cannot find corresponding minksession
03-20 01:29:51.987  2245  2455 E minksocket: MinkIPC ERROR: ( 2245:2455 ) MinkIPC_preProcess:272 Client down, but cannot find corresponding minksession
03-20 01:29:51.988  2245  2463 E minksocket: MinkIPC ERROR: ( 2245:2463 ) MinkIPC_preProcess:272 Client down, but cannot find corresponding minksession
03-20 01:29:51.988  2245  2455 E minksocket: MinkIPC ERROR: ( 2245:2455 ) MinkIPC_preProcess:272 Client down, but cannot find corresponding minksession
03-20 01:29:51.988  2245  2463 E minksocket: MinkIPC ERROR: ( 2245:2463 ) MinkIPC_preProcess:272 Client down, but cannot find corresponding minksession
03-20 01:29:52.014  2297  2297 E SDM     : ScalarConfig::GetAIScaleSettingsInfo: AI Scaler Config for display 68 is not present
03-20 01:29:52.185  2245  2455 E minksocket: MinkIPC ERROR: ( 2245:2455 ) MinkIPC_preProcess:272 Client down, but cannot find corresponding minksession
03-20 01:29:52.185  2245  2463 E minksocket: MinkIPC ERROR: ( 2245:2463 ) MinkIPC_preProcess:272 Client down, but cannot find corresponding minksession
03-20 01:29:52.185  2245  2455 E minksocket: MinkIPC ERROR: ( 2245:2455 ) MinkIPC_preProcess:272 Client down, but cannot find corresponding minksession
03-20 01:29:52.185  2245  2463 E minksocket: MinkIPC ERROR: ( 2245:2463 ) MinkIPC_preProcess:272 Client down, but cannot find corresponding minksession
